ssssss_2g+i-i@-i…a4jgZ'6dZ==+2`jV2Z6gX6Z''=-pZjg++4=VX`s++}`g…8f2--``p…`…2_Vf}V2Z+gaX=-Z84sXjp6+Z…66=Xip…_--s'6_f-`Z86=a}'ffp`4jgZ}fX4=4as+8`s}}sg'sj}6`p4i…8`s2'p2__jd`d8Vsg'g=`}s6d`d-2+6Z268pfV_Vf2ijs'-}sdXp`6-`}VZj}…fifV-@ppZ…`ii'}4sa82sdp}ZsV46f`i_pgfX6=d4=+4d8Z…@4i}'=}4dX-862Zs4``Z}}i…+48…=@Xp_'_-=2Vs6Zf'a8+=ddVXVj4g628`i…6s'}d8p+-s'd6`2ja'fgVg4-sX6`sdgV's8}gj……}Zg+XVp}@8Xj+g8Z+d6'-+=88_8dj+sgZ}2}…8@i4ZZ2jsi6ai8a6'24…}Xsd…ds+=`d=s2Zs+-Vjg=2@g2Z=_@'+p…'p4'8af_='@daZ_s@8}4…i-2……a6ZVa=2Zi6dfXd_Vad4ipa…}=i8V`6jiX+`…as_Xaa'jV4jfidsj=64Va_=V8g84jdf-+_=+X@Xii-+a}j6pf4_4fa'V+==pZV=8V-dsX44aX_jpf=-@6`a+XV8Z}ps'`Xs62-_2=gd-}6Zif22`gfja_sf4…'2X8d862jdXV+@Vf+Vaa=sZ}d86Va}Z46ZX=_+-}-}}6a8d=V}+`f8}8_f_=6fs}+-+g+2-=}@+6iZpd6sg}pis`8Xag-6`f86gs_}8@'…'6a'-=2ip'…d-}…ipZZ4a8V_diiV_@f=2}V`i4`=4f-4+Vjps+Z+-X8pZa4piV@Z'4-}-+-=8f'4…jp+i4@4aV2aX+''VZa2gf@4ZV…f66Zi`6-X6'@4Z-6Z…6aV}8sa-f+…fpg-Vaf6==-6V-ZpX-X4i4@8`s-j'g4i86…a86pZ=_48@i2`pZVjZ8`2=idaf}@sg`jX}jg}-}}+p}+XdfXf+2ps'8}ad-@pdf…2X+8fs28Z_'ii`aV-jf4Z6`@-…Z6j@}Vi+s-f8Z…Z2@ZXZs2-Xg}`s=`…X2…+8s'Vi…`g4a…`46V=a8@=+`s4…64…a@8-aVaX8g__6XsX_}8-`j_24Z@dX2…2a@2`j_ai}V}aVsdg…jXa22Xj-=g+d_2-86i}Z4}4@}+`2@2=4sZ=-if…s-ZiXs=+isZ=s…4a}`8`fZa4V=`-g6ssV6j=p+…pVX8s'jg@i'Xd…Vd=Xjs===s`Z4Xds--}Z2a4@-a8s8XZ@sf4a=_jp'i}_a}'ipZ+2afd…8d…s4pd8…@}Vp-@'X…V_-d48=j'fs_+4X48@@…i'-sf8sZiVdji8j6g+ZVdsg_`4pdfp84'iV@2…4is_}6…f6-'-_}-i…`gffVff+_4VdVZ_Xi…=66j-gXX24f`V…V_g@giXaa…jZ2X=_af4Vi}Z='…fd_2@__ZX`@_a8`V8i2_4-pg…+'p`V_i'sd2s@ppjdX8`g44iV==-4s…-4-'jiZV=Xa'-s''d…'j+8`…6@fp-+dd4p2Z8}…}p-s@ja2@8d2fpZ=fV……ji+g'+}@+V-idXajV+Vss_}s…dgd4`gaa…2@iX=---s4a'pgf4…'g=62aad=@6…'…j4sp}2@_-_ZX8=i2X-'ga=+Zpsd44Vsi@@jZ8+s…-gd6a…i2_4_8Z_}jpj=sZ-f6@`4VZ='asi'8d`8dfa6-jg2a++8d…@aj}@p@+g-jf84-@8=fp+22_+8d}…Z8X'iZZ=ps_X``d-jXfdZZ6=Z'd64d_g=sV'i'VZ88gi__a2-_p2-ji`8=gi@`8ffa-+…-4+`s-}…26=+ZVi-Z=j6…86`@=24Z`2@=pg224Xaj=`-'4+pVZfadsVVs=…}jjs``Xji+'g+Z…Xs…-i+Zf_jssj28@f'}=@`Zaa…f=6+d8dj}8is-……_jsg28aXj@'62_284sd…Zsds+86-@@@+gV`2`-=Xj='+=gij=}VdiXi2a4Zsgd6j``…as6}pj}@d6aad+}a'sfZ2jj=jX'f…fj=2si6=dZ`Xj--Zsi4d++`aX}j__…+2+4f2`iaaZ…jZ@+gjg8`'_ds_Xj…XVj@s6……++gZd-s`=+…_8d@8X…Vapa8@2@=f6}_s=2s+pXd…sidd6Z…_8}2…ag8j8}`aj-+@i2=+Zi'-jsgZdpf-8fZs`…'4…Z2@8'p+`Xd@@a2iVs…=XV}g……Z_'2X_=}f…@d…p_2s_f'jp4-Vsg844afa2a4p2a6pgX28}…8_d-}p6}6_V+g8@i@+ZZj@jidssf6=2s8_-ddd}g+V62}Z}gijg-f=ipj==X'2}VXdj'd@-=-i_aX@g'a…2@f=66}ja+@sad_ZX-fiV…i+Xp@…+VX8jdV6g+…X…d_jij=p=+`+X44p@`…+`4sd+djXia-a……_a6'4…_dV''X…66i…@6…@…_a+sssi+=s@d8+i@'4X4fssfg6'f6d-j…}ijj=}@`}f6Z}pi2ZZ6d=p2a@8'6ff4g8Vjdj-=@gs`jipj6-8@+2-=s86`V'__a_V2'4@2-'_pp+p-=+id-88s}8f6a+s'Z+jX'ds`@'g62=V+j4=-piZ`fgs}}-…+sZf6fa'`iX…dgf+gp82fZssj--s4…8@Zg@_'i``…_4aijpdg}_44-2pgV44-ps=6Z…g2sdia8fdjj}}}88d2=iZg4j`p-p-f`iVfVZ4=VZ-@62…d_s4}_24`_gg2'd@6-_d'X-X6VX+`V+_-4'}d=d`6f8g`4=`-`…g8_6@i…pis_'6}}4+aV@aVg}=='gV@V_2-a@@a=id@gjjs+as++i'=i8…_`d+V42jppa…_…2_…Zjisjg+a4+2'dV}V+}_a==X}'jpspaZ@}+g-_-'@-i-sa_@iVf2fa'gZ=j6g…i_V+…=}@-}-a…dX-XjV+-6+`8d+6_sdjVVasXsV@824i`}V6@_d@4's-4pjVZ…=XXZiVa…Z88…}+-8@f_s_aVsaZ…4==}…-6+afX4j@448}4g86pjV_}@@@6f`i6`X'4pgZ`jss2@j+ja48_ps`…26j@gV}@pX'Za'}d6V4…`''p`4''++s88j44is}+Va4}-Zf+`'dgi}fa@aZs…+s_=…_V…aV}p4'g=@i…aZ}jf_ifg}_8a@2}V'462Z66@…@8}V6V+a2fgia6_'Z@-d_Z='jVZ2Zgai}s-6iZ`aVi4Z4@gp8=…4…'s_ggja'iiaV62-d2d`i=ais_62}f@Vj…f6}ji84…8`d+44`_-''}}+6fi@488d@@Zp'aV}8i8@i=_+'+4f'j64ap}X4s'XX4…2dsp8@sjif}2g2664=…22f@p8d}8fg`'`-jg_}pi…XiXX'6jX…ZV-j'`}_'ipZf`4VV+i`-d`@=4s``_}48d…dVsXai-Zj+Z268`-48d+X…`…='8+8Z…4'`-=2f…aX+iai-X6Z_…}_}8`g=ppV@fg+gZj@-_-…@2d4g=84_gXZ6`-sf-…22=`464}4-'Vi8=s_8i'fs=_…@g`}d}ipdg+jV8X@-Xp@Z`aZs2V…+Xiaj}'=8…X…`g6Z6sd=…+Vf_-f`Z-`s=4`sf8_=jad`i8X28iZ'@…2s6…Z_}gafiVa=4pX6j2`…-ZdVs}_dg_'p8V…_Va_@d+-i}`6Z…4i}idZfV8@'iXa-=fV+ffd6V8…-`_=X=_gZipd…j=p4spa='paV='Xf8`@82-a@2f}iajVg2'XZ_'2……X-=…i_=d}4XZs6}'ap=4X2@gfX6=Vdds8@-sgd-p+8@Zs28p`j8dX_f+djiaa@6a_…Vj'}d@sgjf+66d`+-i…s4i=6X'4Z`pj4iaXafj_p…_Z}+Z…X6+6a'}……4f+V6fs}d_''`i…Zs+8j8'+g@_j…-iZ=_g…a@6`=2_6djd6g8-8a@Vf4s-sZiZ`_'@…Zgs`+_'+sp'='aZZgV68ZX+`4j`Z-s`@ZV`Vf}6+X+X}iZ'4'i}fV6jd…d}f_X…s=6X+68Z2X+`f_`ii'-dff6V@g…-42-@-ZXidf688'fiaj+p4p8i…f…dpg8+ad…d=…2+Zdi_'pX2s2Zi4Xgs@i'_@4VjaZd…s4'_@g44-_4…=V8=Vd+p+@a6Vjj46gd-ijZ-_Za-2ida-8j`VsZ+g8fZ_a}`d-@2ff}g}…sVZi4__=V+a2dZs}Z@4j…=jd'pj…}}+j'4@fV--dXs'@=Xa}@jj-p64_X@fids_X@4`gpj@Vp}6d82p}`8…@Za…6}V-f6f…Z82}Z4Z4_-=ZV_-i-V8g_-ji}-}=8iX28g@_=ia`f_XXs_pd…gaZ4_ZV+82g+s`=p@gds}…4@'gV2`6sZ}'2s2sZ4@Z4Vf`4f@i+2X=8'j4jig+66+'+a+=i4X`66…_…d'Xsi46p=8pdV=}+62'6-j}@@_}6-8f6'V6`-'V}Vi`6_…8f2dip8sVZ}-}…ZVd@ZV…ZX6Xd}_@V2V}sg2a@f@86X82ffj-=}fs+p's=…giaX-4X-X}……j=-88-X6pd…'_i=sas}s428j'86+d-'s8V+4agdgg=gj_X}'+gs='@af}j'd=8p`2i=4'f}Z-Zpd8g8_6'Vp2f8Zg6i_=pa`_Z_sgXd_i44@…-2}-4Xi@p…++…4Zjp'8_gg8V6j…i}gZ'dj8assX6-`iV+f2}V'Xi+}8i=}aj@-@ja__Z'+jV}-8XV_ijsjZj_'6`'6-fVZ+Xf+2`i_…_8p2f4…fs@@8}2-4Vis4Z_d@6ji_4_p`j…2'V`…68-ip48-+iV@8d-@VZa}'daf6f6---iXjdf}a2a82}jppXiZVa__iVg624Va6`fs}j_'_aad4aX`}6ajZ8'j62_-4s…Zj4`j2…46p6'ps=46-…p+_j+-62+=Xgd'+…d2XX=}a8VsX8''6='jV_X8`adV-jag`=`a8-ZVX8dip-…+8d'X_8g@'pai=…giXd+}X2a6`8_2}@6a}=}'`8pii+}4j@_aX-X_Zd}jZ+…iigV-s'''4j8i'8'8aVf@ps'4s-4@_sd-=8i4sg2afji_j@g@6j=2d=@g}4ppfg@-@j=_i6+2a8V}-i+…}f…`'68=+4-fgsf2`}6a-+4+Va-`V''d}+_@-`}i}d4a84…2X-asffd-g'X6X-@@+}g-_f@@+8-Z42ds-6j…jssa_`-}'i+g4a8+8'f+_…}a+p+-6@p2@'+@2a``'-…_=}…}Z4j8p@6Z8sg+ZddZ_6dap8'V…jij}@'i_6_…@-+Vi66jj}sa…+@+d8a4X+@}@@4gs888f-}_df`@+af44g'f_++}@i}X=2_-X=2'pXf'}=a_'Xj@}f=d'@`-_ZdZ6jfdVXf_…X4fs8f…}+sg@d=@f2_-VVa…=Z…V8_ijsV}f+d'_-4sf_Zs@i}2}-p8-+XVj}g-6pX}@spX@-+`j+Zdjj_i…i8aiaZ…_f4=+Zj-iZ'j8i`V@Z_```Va4=V=@…2fp@d_jj+-dX8}}'d_g}Z2--V…j…}g-j6`6_d6=}2@'sp`Z}2_'a'-Zs4-asd+_+V'}i`_Zp62Xj@282_=_-'pf8di@ji`+6g_=8}6s8X`66p8-XZ+8-`sjgf@2i=p6@=}2Xd}`g8@Zii'2a8_f'Zp6iX}ja@ggjg=4…j_4dfXspa-@}i-'-_6sf4aZp…Z…}XasVVj`p6Vj68+gjajgs@fad'486jZ'V}_fd…_ag…}g8+a'…Xi_…g@+@a_…jV`…4X}pj+Z_+VdffX=@@sjXVs`@6@4dZ2V82f=……'@j4j'=4j4}}fap_df8g+4i8a'@ZZ_+Za@VZZj6f…p@@ds+f'Z+_ZZ`'}……d…Z-g4+ifZX-}2gXi64`X=V-+sj`ZpsX}djXZXf6}2@48Z`+Vsd4@_86…pssd28pZ}@_Z=_'XgZ8+28i8'V'V'+`f…a`X…p+fiVV4a…d64V'-aX6fp+…=@p+664}Xd-V8…fgZ-4sd`g4a46@448pfX…g-gdfss'-di-sj8=fX_+6@8Z`=Xapjf2XfVV_Xs6---a6i_f64}2p'2+ZVjXa24-ZV'ga2=V''-'p@}2g4-}aj_a…_'}Xg…j4sVdd``_p68df`XfXj}f`f=4'…4'4=g_`if+`'42+ZVp2Z_}i@44d-`++a…+=ipXf84X…jgjs@-XZs@`_Z`'}p+…8f-=2aa@Xs`js@…Zip=Xj-@}ijj_=+=}Z+i'6}pXp_…8X'i6Z'd'f=+X8j`@'+jV@Vsj+4XjjZ@_-8f8-ia@V--a@pd-_a`2_Xd@_=}Zd…6d'`8a2jjX68@_4g…2X884s}…j`s…ZXZp684@i`_X@ZZ`8466+j'fgsap}d8=64d4ZV=}`as……j'-ji4`s…}X=X-+agddsVd@…4ij8@Z88_g…ZgV+_…4-_'='pa…Z+p4a…6--ij4'-d84…'''4`X`__88X-f…`dgdf_=++aa@i=`6a`i=}`a+}6=sa2siZZ2}+-@…2gs@…i}}jj+26}gVi_-X8'}}-6i-=}8''8pi'pZ'_-88``pps=sf8jVs8f'iiX68j'=2Vj`pd22j@+X`}Vp4``6…`6'jXZ+g4gX@ZdZ+4V`@V_8}Zj`ZaafVX'2…46=p+4…=Z24p+i}6f@+4`df-s8'…8V_=…a+}8+j_8Vs'8d+46-__ZZ}i-i2fpaii-=aV-pa4pp-ipa…Z@=4@''XZ6spifg4jiZZ+8@Z'@4`sgVf@X+4f8V84+d+fpV6a_8f8}=+8ji6dp's6+6`a66+pf`ds…g2ij@a@'fagpV6}j`Xf_g28}686jaV+gj}=…}28i}@'a4aZg=……@-@a`Vjsd…g6fZ@@i_…}'d}Zj@a=-aV=i-4d=@saff`…}6XV-…sj@@+VV`=s`X…-X}gs_aa6sV…22@V4V4f82X}i8Xa…V6s`8…g@j…2d`@j@af_+p_g…p=_2d`_}p4j'66Vag_VgVZ2XX@…a…@-+a-8244a6pX+@8VZ}`=2dg++_V26g=@=pa}68Zd}``a@-gpgjpX2Zds-66`=…fi`8iZ4g`jZ8Xp2}f-8g8'-}@V8`pf}Vfjj-d}'}i-='…8}…j8X2dpZidZj+j_}2s…f+dV='pVs=+V6ds…4@…4Xp=2Va4…V22i+8f8p@i}`_Va_f__6j468`jZa}iVa4=s-6_}_g-gV}aggdi@+jda@+8==…aif`8…}-i_@'g`+'d6a@Z4j@i8V@2=@_V=f}-…`'+48a6pa6@…g}s}…ps_if-d_2dgs6dad``86`sdai'Xj'+d8_ZjV-6+=f8s}=_…2gj4Vp-_@'@`}+jpia……Z86a4'`gZ=gsja+X_d…pX@4-+pf`}…iZ_2…i…+`g…Vgs6g2VXd2d4a2p2j82@d…X8+=}f8dZX'}…'sVap4's+`s@6df6_j}-}ifZ…f8Z@+}6}aaag2'd_-d-`if-`s-sg}}-'s+=__24`s2a4…'p_V@…66ja6g'}'+V-V'4XaX@apggV……ia4@}_4'VZgVdV…4s66=d``-6@-}_}V442f6s`fpZs-=…fi@s@_g}a+af6fgZ}`g_'4}2=sf+a6=`@spg`ifXas4sVZ'ssag``6`Vfj82_jd8V`@…j=…g24a``2@g+@g8ij}f'dfafisddigps`j…g8fppjV6p4@=s-ij@42}'`…f_Zi@@=}Z8+4`+V}`d'…fjV@…6_Z+24=4s-a_+}4dVapg''…-2pdZ@fdg_`6_8s}…a…V=8sgf…4Vj=X@4V……ZVs+=8+_-=gV8V'_@'6fV6668+_j}fg+f--4+''6=p2…a…j}s4@-}aisVff…-d-d}4_fVXpZ_@4_Xps`sj@6…-@d@`-8a_`=68fjf=2@26jZX'}}42Zi_df2i4'}-p88jXZj4`gXssdVda2Vs=@XiV…}g_VZ4'+24}Zja…_X…626fa_a@_igV2a44j…agaajj-=Z`8gX8g+gii8XaV}sidga-6+gsVZ='adVg4Vp+a@46dga@8ZX42…6jg…-V=ZXa-62Z6_}iifj'sa'_2}=i-'f`6}8_Zis=p=……-@=+X4aZdi+ap48_2s=}-4`}j@Z}g_@si@8Xa`=d@-aa'i@fd'as-4`f}p…g}}s'`4+…+4`gf``Vd_Z@_…82_2g6isdg26fsd+Z8aXi2j=_-2p-2a}'_`i…ap2pfX2++`…V@4'2_a@4=Z-V-`…fa_'d=j}`6iXX'+s2…-jd…2}-X=@_pj@=X@sVs6==_'apfZ@pssi's@i-'Zj-d@Z'`s}XX}j6@}g`V66s4V-j-68g@}XjVfs@V=f_Z_@gf…+2'g+_@Zia+Z_}`-dZVXja62'Z66`